git 部分知识点详解

设置SSH Key
git push 命令
git add 命令
更改git push 密码




设置SSH Key

1、检查你电脑是否已经有 SSH key 
运行 git Bash 客户端，输入：
$ cd ~/.ssh
$ ls
若无进行第2步，若有跳过第2步

2、创建一个 SSH key 
$ ssh-keygen -t rsa -C "your_email@example.com"
代码参数含义：
-t 指定密钥类型，默认是 rsa ，可以省略。
-C 设置注释文字，比如邮箱。
-f 指定密钥文件存储文件名。
以上代码省略了-f参数，因此，运行上面那条命令后会让你输入一个文件名，用于保存刚才生成的 SSH key 代码，如：
Generating public/private rsa key pair.
# Enter file in which to save the key (/c/Users/you/.ssh/id_rsa): [Press enter]
也可以不输入文件名，使用默认文件名（推荐），那么就会生成 id_rsa 和 id_rsa.pub 两个秘钥文件。
接着又会提示你输入两次密码（该密码是你push文件的时候要输入的密码，而不是github管理者的密码），
也可以不输入密码，直接按回车。那么push的时候就不需要输入密码，直接提交到github上了，如：
Enter passphrase (empty for no passphrase): 
# Enter same passphrase again:
接下来，就会显示如下代码提示，如：
Your identification has been saved in /c/Users/you/.ssh/id_rsa.
# Your public key has been saved in /c/Users/you/.ssh/id_rsa.pub.
# The key fingerprint is:
# 01:0f:f4:3b:ca:85:d6:17:a1:7d:f0:68:9d:f0:a2:db your_email@example.com
当你看到上面这段代码的时候你的SSH key已经创建成功，可以添加到github的SSH key上了

3、添加你的 SSH key 到 github上面去
a、需要拷贝 id_rsa.pub 文件的内容，可以打开文件复制，也可以用git命令复制该文件的内容，如：
$ clip < ~/.ssh/id_rsa.pub
b、登录你的github账号，从又上角的设置（ Account Settings ）进入，然后点击菜单栏的 SSH key 进入页面添加 SSH key。
c、点击 Add SSH key 按钮添加一个 SSH key 。把你复制的 SSH key 代码粘贴到 key 所对应的输入框中，记得 SSH key 代码的前后不要留有空格或者回车。当然，上面的 Title 所对应的输入框你也可以输入一个该 SSH key 显示在 github 上的一个别名。默认的会使用你的邮件名称。

4、测试一下该SSH key
在git Bash 中输入以下代码
$ ssh -T git@github.com
当你输入以上代码时，会有一段警告代码，如：
The authenticity of host 'github.com (207.97.227.239)' can't be established.
# RSA key fingerprint is 16:27:ac:a5:76:28:2d:36:63:1b:56:4d:eb:df:a6:48.
# Are you sure you want to continue connecting (yes/no)?
这是正常的，你输入 yes 回车既可。如果你创建 SSH key 的时候设置了密码，接下来就会提示你输入密码，如：
Enter passphrase for key '/c/Users/Administrator/.ssh/id_rsa':
当然如果你密码输错了，会再要求你输入，知道对了为止。
注意：输入密码时如果输错一个字就会不正确，使用删除键是无法更正的。
密码正确后你会看到下面这段话，如：
Hi username! You've successfully authenticated, but GitHub does not
# provide shell access.
如果用户名是正确的,你已经成功设置SSH密钥。如果你看到 “access denied” ，者表示拒绝访问，那么你就需要使用 https 去访问，而不是 SSH 

-t意思是说禁止分配伪终端。


git push命令
用于将本地分支的更新，推送到远程主机。格式与git pull命令相仿。
$ git push <远程主机名> <本地分支名>:<远程分支名>
注意，分支推送顺序的写法是<来源地>:<目的地>，所以git pull是<远程分支>:<本地分支>，而git push是<本地分支>:<远程分支>。

如果省略远程分支名，则表示将本地分支推送与之存在”追踪关系”的远程分支(通常两者同名)，如果该远程分支不存在，则会被新建。
$ git push origin master
上面命令表示，将本地的master分支推送到origin主机的master分支。如果后者不存在，则会被新建。

如果省略本地分支名，则表示删除指定的远程分支，因为这等同于推送一个空的本地分支到远程分支。
$ git push origin :master
# 等同于
$ git push origin --delete master
上面命令表示删除origin主机的master分支。

如果当前分支与远程分支之间存在追踪关系，则本地分支和远程分支都可以省略。
$ git push origin
上面命令表示，将当前分支推送到origin主机的对应分支。

如果当前分支只有一个追踪分支，那么主机名都可以省略。
$ git push

如果当前分支与多个主机存在追踪关系，则可以使用-u选项指定一个默认主机，这样后面就可以不加任何参数使用git push。
$ git push -u origin master
上面命令将本地的master分支推送到origin主机，同时指定origin为默认主机，后面就可以不加任何参数使用git push了。

不带任何参数的git push，默认只推送当前分支，这叫做simple方式。此外，还有一种matching方式，会推送所有有对应的远程分支的本地分支。Git 2.0版本之前，默认采用matching方法，现在改为默认采用simple方式。如果要修改这个设置，可以采用git config命令。
$ git config --global push.default matching
# 或者
$ git config --global push.default simple

还有一种情况，就是不管是否存在对应的远程分支，将本地的所有分支都推送到远程主机，这时需要使用–all选项。
$ git push --all origin
上面命令表示，将所有本地分支都推送到origin主机。

如果远程主机的版本比本地版本更新，推送时Git会报错，要求先在本地做git pull合并差异，然后再推送到远程主机。这时，如果你一定要推送，可以使用–force选项。
$ git push --force origin
上面命令使用–force选项，结果导致在远程主机产生一个”非直进式”的合并(non-fast-forward merge)。除非你很确定要这样做，否则应该尽量避免使用–force选项。

最后，git push不会推送标签(tag)，除非使用–tags选项。
$ git push origin --tags

有时候当远程xxx分支被删掉了后，用git branch -a 你还可以看到本地还有remote/origin/xxx这个分支，那么你可以使用git fetch -p 这个命令可以帮你同步最新的远程分支，并删掉本地被删了的远程分支


git add
http://blog.csdn.net/hudashi/article/details/7664374
一、前言
git add命令主要用于把我们要提交的文件的信息添加到索引库中。当我们使用git commit时，git将依据索引库中的内容来进行文件的提交。
二、基本
git add <path>表示 add to index only files created or modified and not those deleted 
我通常是通过git add <path>的形式把我们<path>添加到索引库中，<path>可以是文件也可以是目录。
git不仅能判断出<path>中，修改（不包括已删除）的文件，还能判断出新添的文件，并把它们的信息添加到索引库中。
三、git add -u
git add -u 表示 add to index only files modified or deleted and not those created 
git add -u [<path>]: 把<path>中所有tracked文件中被修改过或已删除文件的信息添加到索引库。它不会处理untracted的文件。
省略<path>表示.,即当前目录。
四、git add -A
git add -A: [<path>]表示把<path>中所有tracked文件中被修改过或已删除文件和所有untracted的文件信息添加到索引库。
省略<path>表示.,即当前目录。
五、git add -i
我们可以通过git add -i [<path>]命令查看<path>中被所有修改过或已删除文件但没有提交的文件，
并通过其revert子命令可以查看<path>中所有untracted的文件，同时进入一个子命令系统。

https://www.cnblogs.com/skura23/p/5859243.html
git add . ：他会监控工作区的状态树，使用它会把工作时的所有变化提交到暂存区，包括文件内容修改(modified)以及新文件(new)，但不包括被删除的文件。
git add -u ：他仅监控已经被add的文件（即tracked file），他会将被修改的文件提交到暂存区。add -u 不会提交新文件（untracked file）。（git add --update的缩写）
git add -A ：是上面两个功能的合集（git add --all的缩写
总结：
git add -A  提交所有变化
git add -u  提交被修改(modified)和被删除(deleted)文件，不包括新文件(new)
git add .  提交新文件(new)和被修改(modified)文件，不包括被删除(deleted)文件
git版本不同会有所区别：
		New Files	Modified Files	Deleted Files
Git Version 1.x:
git add -A	有			有			有			Stage All(new,modified,deleted) files
git add .	有			有			无			Stage New and Modified files only
git add -u	无			有			有			Stage Modified and Deleted files only
Git Version 2.x: 
git add -A	有			有			有			Stage All(new,modified,deleted) files
git add .	有			有			有			Stage All(new,modified,deleted) files
git add --ignor-removal有	有		无			Stage New and Modified files only
git add -u	无			有			有			Stage Modified and Deleted files only
 

 如何修改git push时的密码
如下:

    打开git bash
    输入 cd ~/.ssh
    ls 确定有 id_rsa 和 id_rsa.pub文件
    ssh-keygen -p -f id_rsa
    第一次输入旧密码
    新密码
    确认新密码


git diff